214641369
169236724
141408287
191542970
38410730
0
94889885
172518279
0
0
